
Memory Configuration

Name             Origin             Length             Attributes
vexriscv_debug   0x00000000f00f0000 0x0000000000000100
dff              0x0000000000000000 0x0000000000000400
dff2             0x0000000000000400 0x0000000000000200
flash            0x0000000010000000 0x0000000001000000
mprj             0x0000000030000000 0x0000000000100000
mprjram          0x0000000038000000 0x0000000000400000
hk               0x0000000026000000 0x0000000000100000
csr              0x00000000f0000000 0x0000000000010000
*default*        0x0000000000000000 0xffffffffffffffff

Linker script and memory map

                0x0000000000000000                __DYNAMIC = 0x0

.text           0x0000000010000000      0x2f0
                0x0000000010000000                _ftext = .
 *crt0*(.text)
 *crt0*(.text)
 *(.text.isr)
                0x0000000010000000                _etext = .
 .text          0x0000000010000000      0x148 /tmp/ccvMrjDM.o
                0x0000000010000000                _start
                0x0000000010000020                trap_entry
 .text          0x0000000010000148       0xb4 /tmp/ccdR8AJM.o
                0x00000000100001a8                isr
 .text          0x00000000100001fc        0x0 fir.o
 .text          0x00000000100001fc       0xf4 fir_control.o
                0x0000000010000234                putchar
                0x000000001000029c                print

.rela.dyn       0x00000000100002f0        0x0
 .rela.text     0x00000000100002f0        0x0 /tmp/ccvMrjDM.o

.rodata         0x00000000100002f0        0x0
                0x00000000100002f0                . = ALIGN (0x8)
 *fill*         0x00000000100002f0        0x0 
                0x00000000100002f0                _frodata = .
 *(.rodata .rodata.* .gnu.linkonce.r.*)
 *(.rodata1)
                0x00000000100002f0                . = ALIGN (0x8)
                0x00000000100002f0                _erodata = .

.data           0x0000000000000000       0x30 load address 0x00000000100002f0
                0x0000000000000000                . = ALIGN (0x8)
                0x0000000000000000                _fdata = .
 *(.data .data.* .gnu.linkonce.d.*)
 .data          0x0000000000000000        0x0 /tmp/ccvMrjDM.o
 .data          0x0000000000000000        0x0 /tmp/ccdR8AJM.o
 .data          0x0000000000000000       0x2c fir.o
                0x0000000000000000                taps
 .data          0x000000000000002c        0x0 fir_control.o
 *(.data1)
                0x0000000000000030                _gp = ALIGN (0x10)
 *(.sdata .sdata.* .gnu.linkonce.s.*)
                0x0000000000000030                . = ALIGN (0x8)
 *fill*         0x000000000000002c        0x4 
                0x0000000000000030                _edata = .

.bss            0x0000000000000030      0x108 load address 0x0000000010000320
                0x0000000000000030                . = ALIGN (0x8)
                0x0000000000000030                _fbss = .
 *(.dynsbss)
 *(.sbss .sbss.* .gnu.linkonce.sb.*)
 .sbss          0x0000000000000030        0x2 /tmp/ccdR8AJM.o
                0x0000000000000030                flag
 *(.scommon)
 *(.dynbss)
 *(.bss .bss.* .gnu.linkonce.b.*)
 .bss           0x0000000000000032        0x0 /tmp/ccvMrjDM.o
 .bss           0x0000000000000032        0x0 /tmp/ccdR8AJM.o
 *fill*         0x0000000000000032        0x2 
 .bss           0x0000000000000034      0x100 fir.o
                0x0000000000000034                outputsignal
 .bss           0x0000000000000134        0x0 fir_control.o
 *(COMMON)
                0x0000000000000138                . = ALIGN (0x8)
 *fill*         0x0000000000000134        0x4 
                0x0000000000000138                _ebss = .
                0x0000000000000138                _end = .

.mprjram        0x0000000038000000      0x2dc load address 0x0000000010000320
                0x0000000038000000                . = ALIGN (0x8)
                0x0000000038000000                _fsram = .
 *libgcc.a:*(.text .text.*)
 .mprjram       0x0000000038000000      0x128 fir.o
                0x0000000038000000                initfir
                0x0000000038000080                fir_excute
 .mprjram       0x0000000038000128      0x1b4 fir_control.o
                0x0000000038000128                main
                0x0000000000000600                PROVIDE (_fstack = (ORIGIN (dff2) + LENGTH (dff2)))
                0x00000000100002f0                PROVIDE (_fdata_rom = LOADADDR (.data))
                [!provide]                        PROVIDE (_edata_rom = (LOADADDR (.data) + SIZEOF (.data)))
                0x00000000380002dc                PROVIDE (_esram = (ORIGIN (mprjram) + SIZEOF (.mprjram)))
                0x0000000010000320                PROVIDE (_esram_rom = LOADADDR (.mprjram))
LOAD /tmp/ccvMrjDM.o
LOAD /tmp/ccdR8AJM.o
LOAD fir.o
LOAD fir_control.o
LOAD /opt/riscv/lib/gcc/riscv32-unknown-elf/12.1.0/libgcc.a
START GROUP
LOAD /opt/riscv/lib/gcc/riscv32-unknown-elf/12.1.0/../../../../riscv32-unknown-elf/lib/libc.a
LOAD /opt/riscv/lib/gcc/riscv32-unknown-elf/12.1.0/../../../../riscv32-unknown-elf/lib/libgloss.a
END GROUP
LOAD /opt/riscv/lib/gcc/riscv32-unknown-elf/12.1.0/libgcc.a
OUTPUT(counter_la_fir.elf elf32-littleriscv)

.riscv.attributes
                0x0000000000000000       0x20
 .riscv.attributes
                0x0000000000000000       0x1e /tmp/ccvMrjDM.o
 .riscv.attributes
                0x000000000000001e       0x20 /tmp/ccdR8AJM.o
 .riscv.attributes
                0x000000000000003e       0x1c fir.o
 .riscv.attributes
                0x000000000000005a       0x1c fir_control.o

.comment        0x0000000000000000       0x1b
 .comment       0x0000000000000000       0x1b /tmp/ccdR8AJM.o
                                         0x1c (size before relaxing)
 .comment       0x000000000000001b       0x1c fir.o
 .comment       0x000000000000001b       0x1c fir_control.o

.debug_line     0x0000000000000000      0x2d5
 .debug_line    0x0000000000000000      0x204 /tmp/ccvMrjDM.o
 .debug_line    0x0000000000000204       0xd1 /tmp/ccdR8AJM.o

.debug_line_str
                0x0000000000000000       0xe4
 .debug_line_str
                0x0000000000000000       0x79 /tmp/ccvMrjDM.o
 .debug_line_str
                0x0000000000000079       0x6b /tmp/ccdR8AJM.o
                                        0x144 (size before relaxing)

.debug_info     0x0000000000000000      0x110
 .debug_info    0x0000000000000000       0x25 /tmp/ccvMrjDM.o
 .debug_info    0x0000000000000025       0xeb /tmp/ccdR8AJM.o

.debug_abbrev   0x0000000000000000       0xbe
 .debug_abbrev  0x0000000000000000       0x14 /tmp/ccvMrjDM.o
 .debug_abbrev  0x0000000000000014       0xaa /tmp/ccdR8AJM.o

.debug_aranges  0x0000000000000000       0x40
 .debug_aranges
                0x0000000000000000       0x20 /tmp/ccvMrjDM.o
 .debug_aranges
                0x0000000000000020       0x20 /tmp/ccdR8AJM.o

.debug_str      0x0000000000000000      0x171
 .debug_str     0x0000000000000000       0x85 /tmp/ccvMrjDM.o
 .debug_str     0x0000000000000085       0xec /tmp/ccdR8AJM.o
                                        0x125 (size before relaxing)

.debug_frame    0x0000000000000000       0xa4
 .debug_frame   0x0000000000000000       0xa4 /tmp/ccdR8AJM.o
